// Jest Snapshot v1, https://goo.gl/fbAQLP

exports[`StyledAccordionListItem should match snapshot 1`] = `
<amp-accordion
  id="accordion"
>
  <section
    className="css-gdjuqu-sectionStyles"
  >
    <h4
      className="css-1lnoj9d-headStyles"
    >
      <span>
        Topics
      </span>
      <span
        className="css-1gvo30k-iconStyles"
      >
        <svg
          version="1.1"
          viewBox="0 0 48 48"
          x="0px"
          xmlSpace="preserve"
          xmlns="http://www.w3.org/2000/svg"
          y="0px"
        >
          <polygon
            points="33.2,18.6 36,21.4 24,33.4 12,21.4 14.8,18.6 24,27.7 	"
          />
        </svg>
      </span>
    </h4>
    <div>
      <a
        className="css-17seshw-StyledLink-linkStyles e2cf1b50"
        href="https://www.economist.com/latest-updates"
      >
        Latest updates
      </a>
      <a
        className="css-17seshw-StyledLink-linkStyles e2cf1b50"
        href="https://www.economist.com/sections/leaders"
      >
        Leaders
      </a>
      <a
        className="css-17seshw-StyledLink-linkStyles e2cf1b50"
        href="https://www.economist.com/sections/briefings"
      >
        Briefing
      </a>
      <a
        className="css-17seshw-StyledLink-linkStyles e2cf1b50"
        href="https://www.economist.com/sections/united-states"
      >
        United States
      </a>
      <a
        className="css-17seshw-StyledLink-linkStyles e2cf1b50"
        href="https://www.economist.com/sections/americas"
      >
        The Americas
      </a>
      <a
        className="css-17seshw-StyledLink-linkStyles e2cf1b50"
        href="https://www.economist.com/sections/asia"
      >
        Asia
      </a>
      <a
        className="css-17seshw-StyledLink-linkStyles e2cf1b50"
        href="https://www.economist.com/sections/china"
      >
        China
      </a>
      <a
        className="css-17seshw-StyledLink-linkStyles e2cf1b50"
        href="https://www.economist.com/sections/middle-east-africa"
      >
        Middle East and Africa
      </a>
      <a
        className="css-17seshw-StyledLink-linkStyles e2cf1b50"
        href="https://www.economist.com/sections/europe"
      >
        Europe
      </a>
      <a
        className="css-17seshw-StyledLink-linkStyles e2cf1b50"
        href="https://www.economist.com/sections/britain"
      >
        Britain
      </a>
      <a
        className="css-17seshw-StyledLink-linkStyles e2cf1b50"
        href="https://www.economist.com/sections/international"
      >
        International
      </a>
      <a
        className="css-17seshw-StyledLink-linkStyles e2cf1b50"
        href="https://www.economist.com/sections/business-finance"
      >
        Business
      </a>
      <a
        className="css-17seshw-StyledLink-linkStyles e2cf1b50"
        href="https://www.economist.com/sections/economics"
      >
        Finance and economics
      </a>
      <a
        className="css-17seshw-StyledLink-linkStyles e2cf1b50"
        href="https://www.economist.com/sections/science-technology"
      >
        Science and technology
      </a>
      <a
        className="css-17seshw-StyledLink-linkStyles e2cf1b50"
        href="https://www.economist.com/sections/culture"
      >
        Books and arts
      </a>
      <a
        className="css-17seshw-StyledLink-linkStyles e2cf1b50"
        href="https://www.economist.com/sections/obituary"
      >
        Obituary
      </a>
      <a
        className="css-17seshw-StyledLink-linkStyles e2cf1b50"
        href="https://www.economist.com/sections/special-reports"
      >
        Special reports
      </a>
      <a
        className="css-17seshw-StyledLink-linkStyles e2cf1b50"
        href="https://www.economist.com/sections/technology-quarterly"
      >
        Technology Quarterly
      </a>
      <a
        className="css-17seshw-StyledLink-linkStyles e2cf1b50"
        href="http://debates.economist.com/"
      >
        Debates
      </a>
    </div>
  </section>
</amp-accordion>
`;
