// Jest Snapshot v1, https://goo.gl/fbAQLP

exports[`ArticleIframe should match snapshot 1`] = `
<amp-iframe
  frameborder="0"
  height={100}
  layout="fixed-height"
  sandbox="allow-scripts allow-same-origin"
  src="https://infographics.economist.com/2017/ukelmap-2017/"
>
   
  <amp-img
    height={100}
    layout="fixed-height"
    placeholder={true}
    src="https://www.economist.com/assets/the-economist-logo.svg"
  />
</amp-iframe>
`;
