// Jest Snapshot v1, https://goo.gl/fbAQLP

exports[`StoryCollection should match snapshot 1`] = `
<ul
  className="css-1i00qd8-StyledStoryCollectionContainer e1ok0tn80"
>
  <li
    className=""
  >
    <a
      className="css-xy0ws6-StyledLinkWrapper e1omscfa3"
      href="https://www.economist.com/the-economist-explains/2018/05/15/who-has-the-right-to-judge-americans"
    >
      <amp-img
        alt="About us"
        height={720}
        layout="responsive"
        src="https://www.economist.com/sites/default/files/20180512_BLP509.jpg"
        width={1280}
      />
      <div
        className="css-1aepw6l-StyledHeroItemTextContainer e1omscfa2"
      >
        <h3
          className="css-m4ovun-StyledHeader e10thz6k2"
        >
          <span
            className="css-jzz7eb-StyledSubHeadline-headlineStyles e10thz6k1"
          >
            The Economist explains
          </span>
          <span
            className="css-1xpn6sh-StyledHeadline-subHeadlineStyles e10thz6k0"
          >
            Who has the right to judge Americans?
          </span>
        </h3>
        <p
          className="css-1jkfpje-StyledDescription e1omscfa0"
        >
          A minor fraud case provokes a Supreme Court challenge to the expanding power of administrative agencies in government
        </p>
      </div>
    </a>
    <a
      className="e1omscfa1 css-4vty5-StyledLink-StyledSectionLink-StyledSectionLink e1pwg3wv0"
      href="https://www.economist.com/help/about-us"
    >
      About us
      <span
        className={undefined}
      >
        <svg
          version="1.1"
          viewBox="0 0 48 48"
          x="0px"
          xmlSpace="preserve"
          xmlns="http://www.w3.org/2000/svg"
          y="0px"
        >
          <polygon
            points="17.6,14.8 20.4,12 32.4,24 20.4,36 17.6,33.2 26.7,24 	"
          />
        </svg>
      </span>
    </a>
  </li>
  <li
    className="css-1gdlqmn-StyledStoryCollectionItem e1ok0tn81"
  >
    <a
      className="css-rfvsuz-StyledLinkWrapper ercjopt1"
      href="https://www.economist.com/middle-east-and-africa/2018/05/14/protests-on-gazas-border-with-israel-turn-deadly"
    >
      <div
        className="css-xpxzo4-StyledImgContainer ercjopt2"
      >
        <amp-img
          alt="About us"
          height={720}
          layout="responsive"
          src="https://www.economist.com/sites/default/files/images/2018/05/articles/main/20180519_map501.jpg"
          width={1280}
        />
      </div>
      <div
        className="css-1bn1ahj-StyledTextContainer ercjopt0"
      >
        <h3
          className="css-m4ovun-StyledHeader e10thz6k2"
        >
          <span
            className="css-zdexlw-StyledSubHeadline-subHeadlineStyles e10thz6k1"
          >
            Anger in Gaza, joy in Jerusalem
          </span>
          <span
            className="css-1wbs5nn-StyledHeadline-headlineStyles e10thz6k0"
          >
            Protests on Gaza’s border with Israel turn deadly
          </span>
        </h3>
      </div>
    </a>
    <a
      className="ercjopt3 css-1cesb30-StyledLink-StyledSectionLink-StyledSectionLink e1pwg3wv0"
      href="https://www.economist.com/help/about-us"
    >
      About us
      <span
        className={undefined}
      >
        <svg
          version="1.1"
          viewBox="0 0 48 48"
          x="0px"
          xmlSpace="preserve"
          xmlns="http://www.w3.org/2000/svg"
          y="0px"
        >
          <polygon
            points="17.6,14.8 20.4,12 32.4,24 20.4,36 17.6,33.2 26.7,24 	"
          />
        </svg>
      </span>
    </a>
  </li>
  <li
    className="css-1gdlqmn-StyledStoryCollectionItem e1ok0tn81"
  >
    <a
      className="css-rfvsuz-StyledLinkWrapper ercjopt1"
      href="https://www.economist.com/finance-and-economics/2018/05/12/lessons-to-a-columnists-previous-self"
    >
      <div
        className="css-xpxzo4-StyledImgContainer ercjopt2"
      >
        <amp-img
          alt="About us"
          height={720}
          layout="responsive"
          src="https://www.economist.com/sites/default/files/images/articles/20180512_FND001.jpg"
          width={1280}
        />
      </div>
      <div
        className="css-1bn1ahj-StyledTextContainer ercjopt0"
      >
        <h3
          className="css-m4ovun-StyledHeader e10thz6k2"
        >
          <span
            className="css-zdexlw-StyledSubHeadline-subHeadlineStyles e10thz6k1"
          >
            Buttonwood
          </span>
          <span
            className="css-1wbs5nn-StyledHeadline-headlineStyles e10thz6k0"
          >
            Lessons to a columnist’s previous self
          </span>
        </h3>
      </div>
    </a>
    <a
      className="ercjopt3 css-1cesb30-StyledLink-StyledSectionLink-StyledSectionLink e1pwg3wv0"
      href="https://www.economist.com/help/about-us"
    >
      About us
      <span
        className={undefined}
      >
        <svg
          version="1.1"
          viewBox="0 0 48 48"
          x="0px"
          xmlSpace="preserve"
          xmlns="http://www.w3.org/2000/svg"
          y="0px"
        >
          <polygon
            points="17.6,14.8 20.4,12 32.4,24 20.4,36 17.6,33.2 26.7,24 	"
          />
        </svg>
      </span>
    </a>
  </li>
</ul>
`;
