// Jest Snapshot v1, https://goo.gl/fbAQLP

exports[`InlineAd should match snapshot 1`] = `
<div
  className="css-idu2pl-StyledInlineAd exmsx7n0"
>
  <amp-ad
    className="css-idu2pl-StyledInlineAd exmsx7n0"
    data-slot="/5605/dev.1234/ABCD"
    height="250"
    type="doubleclick"
    width="300"
  />
</div>
`;
